// Jest Snapshot v1, https://goo.gl/fbAQLP

exports[`frontend application react renders correctly 1`] = `
<h2>
  Login to see chatroom
</h2>
`;

exports[`frontend application react renders correctly for room 'exampleRoom' 1`] = `
<div
  className="message-board"
>
  <p>
    Loading room...
  </p>
</div>
`;


